backend/data/transactions.csv
date,product_id,product_name,category,brand,cost,base_price,price,demand,revenue,profit,margin,competitor_price,stock,is_weekend,day_of_week,month,holiday_name,holiday_boost,elasticity
2026-02-07,D004,Hot Sauce Collection,Food & Beverage,FireKitchen,5,16.99,17.59,73,1284.07,919.07,71.57,16.89,49,1,5,2,Valentines Day,0.1,-2.9
2026-02-08,D004,Hot Sauce Collection,Food & Beverage,FireKitchen,5,16.99,17.84,69,1230.96,885.96,71.97,15.41,78,1,6,2,Valentines Day,0.1143,-2.9
2026-02-09,D004,Hot Sauce Collection,Food & Beverage,FireKitchen,5,16.99,16.52,86,1420.72,990.72,69.73,14.95,32,0,0,2,Valentines Day,0.1286,-2.9
2026-02-10,D004,Hot Sauce Collection,Food & Beverage,FireKitchen,5,16.99,14.25,126,1795.5,1165.5,64.91,17.44,5,0,1,2,Valentines Day,0.1429,-2.9
2026-02-11,D004,Hot Sauce Collection,Food & Beverage,FireKitchen,5,16.99,14.46,118,1706.28,1116.28,65.42,19.47,5,0,2,2,Valentines Day,0.2,-2.9
2026-02-12,D004,Hot Sauce Collection,Food & Beverage,FireKitchen,5,16.99,14.21,139,1975.19,1280.19,64.81,14.92,5,0,3,2,Valentines Day,0.2,-2.9
2026-02-13,D004,Hot Sauce Collection,Food & Beverage,FireKitchen,5,16.99,14.26,108,1540.08,1000.08,64.94,17.75,5,0,4,2,Valentines Day,0.2,-2.9
2026-02-14,D004,Hot Sauce Collection,Food & Beverage,FireKitchen,5,16.99,14.54,151,2195.54,1440.54,65.61,15.86,5,1,5,2,Valentines Day,0.2,-2.9
2026-02-15,D004,Hot Sauce Collection,Food & Beverage,FireKitchen,5,16.99,13.89,166,2305.74,1475.74,64.0,14.78,5,1,6,2,Valentines Day,0.2,-2.9
2026-02-16,D004,Hot Sauce Collection,Food & Beverage,FireKitchen,5,16.99,13.6,160,2176.0,1376.0,63.24,16.29,5,0,0,2,Valentines Day,0.2,-2.9
2026-02-17,D004,Hot Sauce Collection,Food & Beverage,FireKitchen,5,16.99,14.97,98,1467.06,977.06,66.6,16.6,5,0,1,2,Valentines Day,0.2,-2.9
2026-02-18,D004,Hot Sauce Collection,Food & Beverage,FireKitchen,5,16.99,15.46,90,1391.4,941.4,67.66,16.91,22,0,2,2,Valentines Day,0.1429,-2.9
2026-02-19,D004,Hot Sauce Collection,Food & Beverage,FireKitchen,5,16.99,15.02,97,1456.94,971.94,66.71,14.88,15,0,3,2,Valentines Day,0.1286,-2.9
2026-02-20,D004,Hot Sauce Collection,Food & Beverage,FireKitchen,5,16.99,16.27,73,1187.71,822.71,69.27,16.43,51,0,4,2,Valentines Day,0.1143,-2.9
2026-02-21,D004,Hot Sauce Collection,Food & Beverage,FireKitchen,5,16.99,15.33,103,1578.99,1063.99,67.38,14.95,5,1,5,2,Valentines Day,0.1,-2.9
2026-02-22,D004,Hot Sauce Collection,Food & Beverage,FireKitchen,5,16.99,17.62,77,1356.74,971.74,71.62,15.9,44,1,6,2,Valentines Day,0.0857,-2.9
2026-02-23,D004,Hot Sauce Collection,Food & Beverage,FireKitchen,5,16.99,17.23,61,1051.03,746.03,70.98,14.56,94,0,0,2,Valentines Day,0.0714,-2.9
2026-02-24,D004,Hot Sauce Collection,Food & Beverage,FireKitchen,5,16.99,17.69,56,990.64,710.64,71.74,15.87,73,0,1,2,Valentines Day,0.0571,-2.9
2026-02-25,D004,Hot Sauce Collection,Food & Beverage,FireKitchen,5,16.99,18.16,55,998.8,723.8,72.47,15.13,96,0,2,2,Valentines Day,0.0429,-2.9
2026-02-26,D004,Hot Sauce Collection,Food & Beverage,FireKitchen,5,16.99,19.53,40,781.2,581.2,74.4,17.28,110,0,3,2,Valentines Day,0.0286,-2.9
2026-02-27,D004,Hot Sauce Collection,Food & Beverage,FireKitchen,5,16.99,18.78,49,920.22,675.22,73.38,17.18,99,0,4,2,Valentines Day,0.0143,-2.9
2026-02-28,D004,Hot Sauce Collection,Food & Beverage,FireKitchen,5,16.99,19.76,41,810.16,605.16,74.7,18.88,138,1,5,2,Valentines Day,0.0,-2.9
2026-03-01,D004,Hot Sauce Collection,Food & Beverage,FireKitchen,5,16.99,18.77,52,976.04,716.04,73.36,15.59,86,1,6,3,Valentines Day,0.0,-2.9
2026-03-02,D004,Hot Sauce Collection,Food & Beverage,FireKitchen,5,16.99,18.37,41,753.17,548.17,72.78,19.1,113,0,0,3,Valentines Day,0.0,-2.9
2026-03-03,D004,Hot Sauce Collection,Food & Beverage,FireKitchen,5,16.99,18.7,35,654.5,479.5,73.26,18.71,136,0,1,3,Valentines Day,0.0,-2.9
2026-03-04,D004,Hot Sauce Collection,Food & Beverage,FireKitchen,5,16.99,18.4,46,846.4,616.4,72.83,18.61,90,0,2,3,Valentines Day,0.0,-2.9
2026-03-05,D004,Hot Sauce Collection,Food & Beverage,FireKitchen,5,16.99,18.9,42,793.8,583.8,73.54,16.47,116,0,3,3,Valentines Day,0.0,-2.9
2026-03-06,D004,Hot Sauce Collection,Food & Beverage,FireKitchen,5,16.99,18.41,46,846.86,616.86,72.84,16.19,94,0,4,3,Valentines Day,0.0,-2.9
2026-03-07,D004,Hot Sauce Collection,Food & Beverage,FireKitchen,5,16.99,17.94,40,717.6,517.6,72.13,16.5,127,1,5,3,Valentines Day,0.0,-2.9
2026-03-08,D004,Hot Sauce Collection,Food & Beverage,FireKitchen,5,16.99,17.78,53,942.34,677.34,71.88,17.5,106,1,6,3,Valentines Day,0.0,-2.9
2026-03-09,D004,Hot Sauce Collection,Food & Beverage,FireKitchen,5,16.99,16.87,50,843.5,593.5,70.36,16.16,103,0,0,3,Valentines Day,0.0,-2.9
2026-03-10,D004,Hot Sauce Collection,Food & Beverage,FireKitchen,5,16.99,16.79,50,839.5,589.5,70.22,17.21,113,0,1,3,Valentines Day,0.0,-2.9
2026-03-11,D004,Hot Sauce Collection,Food & Beverage,FireKitchen,5,16.99,16.28,61,993.08,688.08,69.29,16.56,71,0,2,3,Valentines Day,0.0,-2.9
2026-03-12,D004,Hot Sauce Collection,Food & Beverage,FireKitchen,5,16.99,15.83,66,1044.78,714.78,68.41,18.71,88,0,3,3,Valentines Day,0.0,-2.9
2026-03-13,D004,Hot Sauce Collection,Food & Beverage,FireKitchen,5,16.99,15.7,69,1083.3,738.3,68.15,15.9,52,0,4,3,Valentines Day,0.0,-2.9
2026-03-14,D004,Hot Sauce Collection,Food & Beverage,FireKitchen,5,16.99,14.84,74,1098.16,728.16,66.31,17.3,61,1,5,3,Valentines Day,0.0,-2.9
2026-03-15,D004,Hot Sauce Collection,Food & Beverage,FireKitchen,5,16.99,15.19,74,1124.06,754.06,67.08,17.43,54,1,6,3,Valentines Day,0.0,-2.9
2026-03-16,D004,Hot Sauce Collection,Food & Beverage,FireKitchen,5,16.99,13.78,104,1433.12,913.12,63.72,14.87,5,0,0,3,Valentines Day,0.0,-2.9
2026-03-17,D004,Hot Sauce Collection,Food & Beverage,FireKitchen,5,16.99,14.46,74,1070.04,700.04,65.42,18.73,60,0,1,3,Easter,0.0,-2.9
2026-03-18,D004,Hot Sauce Collection,Food & Beverage,FireKitchen,5,16.99,14.26,97,1383.22,898.22,64.94,16.5,5,0,2,3,Easter,0.0,-2.9
2026-03-19,D004,Hot Sauce Collection,Food & Beverage,FireKitchen,5,16.99,14.85,79,1173.15,778.15,66.33,15.29,24,0,3,3,Easter,0.0,-2.9
2026-03-20,D004,Hot Sauce Collection,Food & Beverage,FireKitchen,5,16.99,14.73,86,1266.78,836.78,66.06,18.67,36,0,4,3,Easter,0.0,-2.9
2026-03-21,D004,Hot Sauce Collection,Food & Beverage,FireKitchen,5,16.99,15.43,85,1311.55,886.55,67.6,17.82,29,1,5,3,Easter,0.0,-2.9
2026-03-22,D004,Hot Sauce Collection,Food & Beverage,FireKitchen,5,16.99,15.54,93,1445.22,980.22,67.82,15.4,14,1,6,3,Easter,0.0,-2.9
2026-03-23,D004,Hot Sauce Collection,Food & Beverage,FireKitchen,5,16.99,17.16,52,892.32,632.32,70.86,18.19,103,0,0,3,Easter,0.0,-2.9
2026-03-24,D004,Hot Sauce Collection,Food & Beverage,FireKitchen,5,16.99,17.16,49,840.84,595.84,70.86,16.99,118,0,1,3,Easter,0.0,-2.9
2026-03-25,D004,Hot Sauce Collection,Food & Beverage,FireKitchen,5,16.99,17.87,38,679.06,489.06,72.02,15.2,134,0,2,3,Easter,0.0,-2.9
2026-03-26,D004,Hot Sauce Collection,Food & Beverage,FireKitchen,5,16.99,18.87,41,773.67,568.67,73.5,19.11,126,0,3,3,Easter,0.0,-2.9
2026-03-27,D004,Hot Sauce Collection,Food & Beverage,FireKitchen,5,16.99,17.98,51,916.98,661.98,72.19,14.45,83,0,4,3,Easter,0.0,-2.9
2026-03-28,D004,Hot Sauce Collection,Food & Beverage,FireKitchen,5,16.99,19.9,40,796.0,596.0,74.87,16.57,129,1,5,3,Easter,0.0,-2.9
2026-03-29,D004,Hot Sauce Collection,Food & Beverage,FireKitchen,5,16.99,18.79,46,864.34,634.34,73.39,15.42,122,1,6,3,Easter,0.0,-2.9
2026-03-30,D004,Hot Sauce Collection,Food & Beverage,FireKitchen,5,16.99,19.69,36,708.84,528.84,74.61,15.04,148,0,0,3,Easter,0.0,-2.9
2026-03-31,D004,Hot Sauce Collection,Food & Beverage,FireKitchen,5,16.99,19.02,40,760.8,560.8,73.71,17.4,136,0,1,3,Easter,0.0,-2.9
2026-04-01,D004,Hot Sauce Collection,Food & Beverage,FireKitchen,5,16.99,20.11,29,583.19,438.19,75.14,15.4,147,0,2,4,Easter,0.0,-2.9
2026-04-02,D004,Hot Sauce Collection,Food & Beverage,FireKitchen,5,16.99,18.85,38,716.3,526.3,73.47,16.04,111,0,3,4,Easter,0.0071,-2.9
2026-04-03,D004,Hot Sauce Collection,Food & Beverage,FireKitchen,5,16.99,19.09,41,782.69,577.69,73.81,15.69,116,0,4,4,Easter,0.0143,-2.9
2026-04-04,D004,Hot Sauce Collection,Food & Beverage,FireKitchen,5,16.99,19.46,39,758.94,563.94,74.31,19.39,120,1,5,4,Easter,0.0214,-2.9
2026-04-05,D004,Hot Sauce Collection,Food & Beverage,FireKitchen,5,16.99,18.59,53,985.27,720.27,73.1,15.24,102,1,6,4,Easter,0.0286,-2.9
2026-04-06,D004,Hot Sauce Collection,Food & Beverage,FireKitchen,5,16.99,19.14,40,765.6,565.6,73.88,18.98,118,0,0,4,Easter,0.0357,-2.9
2026-04-07,D004,Hot Sauce Collection,Food & Beverage,FireKitchen,5,16.99,17.65,51,900.15,645.15,71.67,16.93,102,0,1,4,Easter,0.0429,-2.9
2026-04-08,D004,Hot Sauce Collection,Food & Beverage,FireKitchen,5,16.99,16.83,58,976.14,686.14,70.29,16.11,89,0,2,4,Easter,0.05,-2.9
2026-04-09,D004,Hot Sauce Collection,Food & Beverage,FireKitchen,5,16.99,15.46,70,1082.2,732.2,67.66,16.68,51,0,3,4,Easter,0.0571,-2.9
2026-04-10,D004,Hot Sauce Collection,Food & Beverage,FireKitchen,5,16.99,16.21,60,972.6,672.6,69.15,17.06,68,0,4,4,Easter,0.0643,-2.9
2026-04-11,D004,Hot Sauce Collection,Food & Beverage,FireKitchen,5,16.99,15.93,68,1083.24,743.24,68.61,14.81,50,1,5,4,Easter,0.0714,-2.9
2026-04-12,D004,Hot Sauce Collection,Food & Beverage,FireKitchen,5,16.99,15.51,93,1442.43,977.43,67.76,18.09,21,1,6,4,Easter,0.1,-2.9
2026-04-13,D004,Hot Sauce Collection,Food & Beverage,FireKitchen,5,16.99,15.91,69,1097.79,752.79,68.57,14.64,67,0,0,4,Easter,0.1,-2.9
2026-04-14,D004,Hot Sauce Collection,Food & Beverage,FireKitchen,5,16.99,14.57,103,1500.71,985.71,65.68,16.26,5,0,1,4,Easter,0.1,-2.9
2026-04-15,D004,Hot Sauce Collection,Food & Beverage,FireKitchen,5,16.99,15.16,88,1334.08,894.08,67.02,18.88,18,0,2,4,Easter,0.1,-2.9
2026-04-16,D004,Hot Sauce Collection,Food & Beverage,FireKitchen,5,16.99,14.63,101,1477.63,972.63,65.82,18.94,5,0,3,4,Easter,0.1,-2.9
2026-04-17,D004,Hot Sauce Collection,Food & Beverage,FireKitchen,5,16.99,15.91,74,1177.34,807.34,68.57,18.26,71,0,4,4,Easter,0.1,-2.9
2026-04-18,D004,Hot Sauce Collection,Food & Beverage,FireKitchen,5,16.99,14.81,106,1569.86,1039.86,66.24,17.58,5,1,5,4,Easter,0.1,-2.9
2026-04-19,D004,Hot Sauce Collection,Food & Beverage,FireKitchen,5,16.99,15.19,89,1351.91,906.91,67.08,18.25,14,1,6,4,Easter,0.0714,-2.9
2026-04-20,D004,Hot Sauce Collection,Food & Beverage,FireKitchen,5,16.99,15.93,66,1051.38,721.38,68.61,14.81,83,0,0,4,Easter,0.0643,-2.9
2026-04-21,D004,Hot Sauce Collection,Food & Beverage,FireKitchen,5,16.99,16.25,56,910.0,630.0,69.23,19.21,95,0,1,4,Easter,0.0571,-2.9
2026-04-22,D004,Hot Sauce Collection,Food & Beverage,FireKitchen,5,16.99,17.33,49,849.17,604.17,71.15,16.19,93,0,2,4,Easter,0.05,-2.9
2026-04-23,D004,Hot Sauce Collection,Food & Beverage,FireKitchen,5,16.99,16.31,69,1125.39,780.39,69.34,14.69,43,0,3,4,Easter,0.0429,-2.9
2026-04-24,D004,Hot Sauce Collection,Food & Beverage,FireKitchen,5,16.99,18.31,45,823.95,598.95,72.69,17.18,124,0,4,4,Easter,0.0357,-2.9
2026-04-25,D004,Hot Sauce Collection,Food & Beverage,FireKitchen,5,16.99,17.98,52,934.96,674.96,72.19,15.65,94,1,5,4,Easter,0.0286,-2.9
2026-04-26,D004,Hot Sauce Collection,Food & Beverage,FireKitchen,5,16.99,18.62,48,893.76,653.76,73.15,17.27,121,1,6,4,Easter,0.0214,-2.9
2026-04-27,D004,Hot Sauce Collection,Food & Beverage,FireKitchen,5,16.99,18.8,37,695.6,510.6,73.4,19.2,128,0,0,4,Easter,0.0143,-2.9
2026-04-28,D004,Hot Sauce Collection,Food & Beverage,FireKitchen,5,16.99,18.61,41,763.01,558.01,73.13,14.45,130,0,1,4,Easter,0.0071,-2.9
2026-04-29,D004,Hot Sauce Collection,Food & Beverage,FireKitchen,5,16.99,19.53,34,664.02,494.02,74.4,19.1,120,0,2,4,Mothers Day,0.0129,-2.9
2026-04-30,D004,Hot Sauce Collection,Food & Beverage,FireKitchen,5,16.99,19.22,39,749.58,554.58,73.99,17.52,109,0,3,4,Mothers Day,0.0257,-2.9
2026-05-01,D004,Hot Sauce Collection,Food & Beverage,FireKitchen,5,16.99,19.07,43,820.01,605.01,73.78,16.8,118,0,4,5,Mothers Day,0.0386,-2.9
2026-05-02,D004,Hot Sauce Collection,Food & Beverage,FireKitchen,5,16.99,19.69,40,787.6,587.6,74.61,15.98,126,1,5,5,Mothers Day,0.0514,-2.9
2026-05-03,D004,Hot Sauce Collection,Food & Beverage,FireKitchen,5,16.99,19.44,41,797.04,592.04,74.28,15.09,115,1,6,5,Mothers Day,0.0643,-2.9
2026-05-04,D004,Hot Sauce Collection,Food & Beverage,FireKitchen,5,16.99,19.3,37,714.1,529.1,74.09,15.78,141,0,0,5,Mothers Day,0.0771,-2.9
2026-05-05,D004,Hot Sauce Collection,Food & Beverage,FireKitchen,5,16.99,18.43,46,847.78,617.78,72.87,17.57,92,0,1,5,Mothers Day,0.09,-2.9
2026-05-06,D004,Hot Sauce Collection,Food & Beverage,FireKitchen,5,16.99,18.81,41,771.21,566.21,73.42,17.8,123,0,2,5,Mothers Day,0.1029,-2.9
2026-05-07,D004,Hot Sauce Collection,Food & Beverage,FireKitchen,5,16.99,17.1,51,872.1,617.1,70.76,14.97,107,0,3,5,Mothers Day,0.1157,-2.9
2026-05-08,D004,Hot Sauce Collection,Food & Beverage,FireKitchen,5,16.99,17.94,51,914.94,659.94,72.13,15.71,91,0,4,5,Mothers Day,0.1286,-2.9
