backend/data/transactions.csv
date,product_id,product_name,category,brand,cost,base_price,price,demand,revenue,profit,margin,competitor_price,stock,is_weekend,day_of_week,month,holiday_name,holiday_boost,elasticity
2026-02-07,D005,Trail Mix Premium 500g,Food & Beverage,NutHarvest,4,12.99,13.41,72,965.52,677.52,70.17,14.54,57,1,5,2,Valentines Day,0.1,-3.2
2026-02-08,D005,Trail Mix Premium 500g,Food & Beverage,NutHarvest,4,12.99,12.4,97,1202.8,814.8,67.74,14.47,5,1,6,2,Valentines Day,0.1143,-3.2
2026-02-09,D005,Trail Mix Premium 500g,Food & Beverage,NutHarvest,4,12.99,12.19,96,1170.24,786.24,67.19,12.37,25,0,0,2,Valentines Day,0.1286,-3.2
2026-02-10,D005,Trail Mix Premium 500g,Food & Beverage,NutHarvest,4,12.99,11.87,97,1151.39,763.39,66.3,13.18,5,0,1,2,Valentines Day,0.1429,-3.2
2026-02-11,D005,Trail Mix Premium 500g,Food & Beverage,NutHarvest,4,12.99,12.28,88,1080.64,728.64,67.43,13.88,5,0,2,2,Valentines Day,0.2,-3.2
2026-02-12,D005,Trail Mix Premium 500g,Food & Beverage,NutHarvest,4,12.99,11.0,125,1375.0,875.0,63.64,11.19,5,0,3,2,Valentines Day,0.2,-3.2
2026-02-13,D005,Trail Mix Premium 500g,Food & Beverage,NutHarvest,4,12.99,11.42,123,1404.66,912.66,64.97,12.04,5,0,4,2,Valentines Day,0.2,-3.2
2026-02-14,D005,Trail Mix Premium 500g,Food & Beverage,NutHarvest,4,12.99,10.99,143,1571.57,999.57,63.6,11.94,5,1,5,2,Valentines Day,0.2,-3.2
2026-02-15,D005,Trail Mix Premium 500g,Food & Beverage,NutHarvest,4,12.99,11.11,160,1777.6,1137.6,64.0,12.42,5,1,6,2,Valentines Day,0.2,-3.2
2026-02-16,D005,Trail Mix Premium 500g,Food & Beverage,NutHarvest,4,12.99,11.75,103,1210.25,798.25,65.96,12.8,8,0,0,2,Valentines Day,0.2,-3.2
2026-02-17,D005,Trail Mix Premium 500g,Food & Beverage,NutHarvest,4,12.99,11.24,129,1449.96,933.96,64.41,13.23,5,0,1,2,Valentines Day,0.2,-3.2
2026-02-18,D005,Trail Mix Premium 500g,Food & Beverage,NutHarvest,4,12.99,11.39,102,1161.78,753.78,64.88,11.85,11,0,2,2,Valentines Day,0.1429,-3.2
2026-02-19,D005,Trail Mix Premium 500g,Food & Beverage,NutHarvest,4,12.99,11.78,91,1071.98,707.98,66.04,13.4,26,0,3,2,Valentines Day,0.1286,-3.2
2026-02-20,D005,Trail Mix Premium 500g,Food & Beverage,NutHarvest,4,12.99,12.57,79,993.03,677.03,68.18,13.26,40,0,4,2,Valentines Day,0.1143,-3.2
2026-02-21,D005,Trail Mix Premium 500g,Food & Beverage,NutHarvest,4,12.99,12.56,87,1092.72,744.72,68.15,14.24,31,1,5,2,Valentines Day,0.1,-3.2
2026-02-22,D005,Trail Mix Premium 500g,Food & Beverage,NutHarvest,4,12.99,12.98,91,1181.18,817.18,69.18,11.5,5,1,6,2,Valentines Day,0.0857,-3.2
2026-02-23,D005,Trail Mix Premium 500g,Food & Beverage,NutHarvest,4,12.99,13.82,53,732.46,520.46,71.06,14.12,86,0,0,2,Valentines Day,0.0714,-3.2
2026-02-24,D005,Trail Mix Premium 500g,Food & Beverage,NutHarvest,4,12.99,12.73,73,929.29,637.29,68.58,12.64,43,0,1,2,Valentines Day,0.0571,-3.2
2026-02-25,D005,Trail Mix Premium 500g,Food & Beverage,NutHarvest,4,12.99,14.02,52,729.04,521.04,71.47,11.26,84,0,2,2,Valentines Day,0.0429,-3.2
2026-02-26,D005,Trail Mix Premium 500g,Food & Beverage,NutHarvest,4,12.99,14.22,46,654.12,470.12,71.87,12.44,88,0,3,2,Valentines Day,0.0286,-3.2
2026-02-27,D005,Trail Mix Premium 500g,Food & Beverage,NutHarvest,4,12.99,15.57,43,669.51,497.51,74.31,13.59,109,0,4,2,Valentines Day,0.0143,-3.2
2026-02-28,D005,Trail Mix Premium 500g,Food & Beverage,NutHarvest,4,12.99,14.69,51,749.19,545.19,72.77,11.25,96,1,5,2,Valentines Day,0.0,-3.2
2026-03-01,D005,Trail Mix Premium 500g,Food & Beverage,NutHarvest,4,12.99,15.31,38,581.78,429.78,73.87,11.45,137,1,6,3,Valentines Day,0.0,-3.2
2026-03-02,D005,Trail Mix Premium 500g,Food & Beverage,NutHarvest,4,12.99,14.74,33,486.42,354.42,72.86,12.28,130,0,0,3,Valentines Day,0.0,-3.2
2026-03-03,D005,Trail Mix Premium 500g,Food & Beverage,NutHarvest,4,12.99,14.85,33,490.05,358.05,73.06,14.17,132,0,1,3,Valentines Day,0.0,-3.2
2026-03-04,D005,Trail Mix Premium 500g,Food & Beverage,NutHarvest,4,12.99,15.14,34,514.76,378.76,73.58,13.79,132,0,2,3,Valentines Day,0.0,-3.2
2026-03-05,D005,Trail Mix Premium 500g,Food & Beverage,NutHarvest,4,12.99,14.64,37,541.68,393.68,72.68,13.29,115,0,3,3,Valentines Day,0.0,-3.2
2026-03-06,D005,Trail Mix Premium 500g,Food & Beverage,NutHarvest,4,12.99,14.46,37,535.02,387.02,72.34,11.21,146,0,4,3,Valentines Day,0.0,-3.2
2026-03-07,D005,Trail Mix Premium 500g,Food & Beverage,NutHarvest,4,12.99,13.9,50,695.0,495.0,71.22,12.58,100,1,5,3,Valentines Day,0.0,-3.2
2026-03-08,D005,Trail Mix Premium 500g,Food & Beverage,NutHarvest,4,12.99,13.31,64,851.84,595.84,69.95,13.14,54,1,6,3,Valentines Day,0.0,-3.2
2026-03-09,D005,Trail Mix Premium 500g,Food & Beverage,NutHarvest,4,12.99,12.7,61,774.7,530.7,68.5,11.48,74,0,0,3,Valentines Day,0.0,-3.2
2026-03-10,D005,Trail Mix Premium 500g,Food & Beverage,NutHarvest,4,12.99,13.1,58,759.8,527.8,69.47,11.74,67,0,1,3,Valentines Day,0.0,-3.2
2026-03-11,D005,Trail Mix Premium 500g,Food & Beverage,NutHarvest,4,12.99,11.96,75,897.0,597.0,66.56,14.24,61,0,2,3,Valentines Day,0.0,-3.2
2026-03-12,D005,Trail Mix Premium 500g,Food & Beverage,NutHarvest,4,12.99,11.18,97,1084.46,696.46,64.22,12.06,5,0,3,3,Valentines Day,0.0,-3.2
2026-03-13,D005,Trail Mix Premium 500g,Food & Beverage,NutHarvest,4,12.99,12.57,63,791.91,539.91,68.18,12.44,73,0,4,3,Valentines Day,0.0,-3.2
2026-03-14,D005,Trail Mix Premium 500g,Food & Beverage,NutHarvest,4,12.99,11.84,77,911.68,603.68,66.22,14.55,33,1,5,3,Valentines Day,0.0,-3.2
2026-03-15,D005,Trail Mix Premium 500g,Food & Beverage,NutHarvest,4,12.99,10.75,114,1225.5,769.5,62.79,13.48,5,1,6,3,Valentines Day,0.0,-3.2
2026-03-16,D005,Trail Mix Premium 500g,Food & Beverage,NutHarvest,4,12.99,10.99,97,1066.03,678.03,63.6,14.74,5,0,0,3,Valentines Day,0.0,-3.2
2026-03-17,D005,Trail Mix Premium 500g,Food & Beverage,NutHarvest,4,12.99,10.82,101,1092.82,688.82,63.03,14.52,5,0,1,3,Easter,0.0,-3.2
2026-03-18,D005,Trail Mix Premium 500g,Food & Beverage,NutHarvest,4,12.99,11.51,85,978.35,638.35,65.25,11.63,12,0,2,3,Easter,0.0,-3.2
2026-03-19,D005,Trail Mix Premium 500g,Food & Beverage,NutHarvest,4,12.99,11.16,96,1071.36,687.36,64.16,11.54,7,0,3,3,Easter,0.0,-3.2
2026-03-20,D005,Trail Mix Premium 500g,Food & Beverage,NutHarvest,4,12.99,11.38,85,967.3,627.3,64.85,12.11,11,0,4,3,Easter,0.0,-3.2
2026-03-21,D005,Trail Mix Premium 500g,Food & Beverage,NutHarvest,4,12.99,12.2,77,939.4,631.4,67.21,14.87,51,1,5,3,Easter,0.0,-3.2
2026-03-22,D005,Trail Mix Premium 500g,Food & Beverage,NutHarvest,4,12.99,11.73,89,1043.97,687.97,65.9,14.63,32,1,6,3,Easter,0.0,-3.2
2026-03-23,D005,Trail Mix Premium 500g,Food & Beverage,NutHarvest,4,12.99,12.94,61,789.34,545.34,69.09,11.82,66,0,0,3,Easter,0.0,-3.2
2026-03-24,D005,Trail Mix Premium 500g,Food & Beverage,NutHarvest,4,12.99,12.58,65,817.7,557.7,68.2,12.75,81,0,1,3,Easter,0.0,-3.2
2026-03-25,D005,Trail Mix Premium 500g,Food & Beverage,NutHarvest,4,12.99,13.3,58,771.4,539.4,69.92,14.13,98,0,2,3,Easter,0.0,-3.2
2026-03-26,D005,Trail Mix Premium 500g,Food & Beverage,NutHarvest,4,12.99,13.32,54,719.28,503.28,69.97,12.11,85,0,3,3,Easter,0.0,-3.2
2026-03-27,D005,Trail Mix Premium 500g,Food & Beverage,NutHarvest,4,12.99,14.0,42,588.0,420.0,71.43,11.86,114,0,4,3,Easter,0.0,-3.2
2026-03-28,D005,Trail Mix Premium 500g,Food & Beverage,NutHarvest,4,12.99,14.81,46,681.26,497.26,72.99,11.41,125,1,5,3,Easter,0.0,-3.2
2026-03-29,D005,Trail Mix Premium 500g,Food & Beverage,NutHarvest,4,12.99,13.92,55,765.6,545.6,71.26,13.99,80,1,6,3,Easter,0.0,-3.2
2026-03-30,D005,Trail Mix Premium 500g,Food & Beverage,NutHarvest,4,12.99,14.82,37,548.34,400.34,73.01,14.31,124,0,0,3,Easter,0.0,-3.2
2026-03-31,D005,Trail Mix Premium 500g,Food & Beverage,NutHarvest,4,12.99,14.44,42,606.48,438.48,72.3,13.68,127,0,1,3,Easter,0.0,-3.2
2026-04-01,D005,Trail Mix Premium 500g,Food & Beverage,NutHarvest,4,12.99,15.83,28,443.24,331.24,74.73,12.82,160,0,2,4,Easter,0.0,-3.2
2026-04-02,D005,Trail Mix Premium 500g,Food & Beverage,NutHarvest,4,12.99,15.32,33,505.56,373.56,73.89,14.16,130,0,3,4,Easter,0.0071,-3.2
2026-04-03,D005,Trail Mix Premium 500g,Food & Beverage,NutHarvest,4,12.99,14.49,35,507.15,367.15,72.39,14.26,119,0,4,4,Easter,0.0143,-3.2
2026-04-04,D005,Trail Mix Premium 500g,Food & Beverage,NutHarvest,4,12.99,14.98,42,629.16,461.16,73.3,12.42,122,1,5,4,Easter,0.0214,-3.2
2026-04-05,D005,Trail Mix Premium 500g,Food & Beverage,NutHarvest,4,12.99,13.96,51,711.96,507.96,71.35,14.14,82,1,6,4,Easter,0.0286,-3.2
2026-04-06,D005,Trail Mix Premium 500g,Food & Beverage,NutHarvest,4,12.99,14.05,43,604.15,432.15,71.53,12.39,133,0,0,4,Easter,0.0357,-3.2
2026-04-07,D005,Trail Mix Premium 500g,Food & Beverage,NutHarvest,4,12.99,13.03,57,742.71,514.71,69.3,13.8,67,0,1,4,Easter,0.0429,-3.2
2026-04-08,D005,Trail Mix Premium 500g,Food & Beverage,NutHarvest,4,12.99,12.93,58,749.94,517.94,69.06,14.78,92,0,2,4,Easter,0.05,-3.2
2026-04-09,D005,Trail Mix Premium 500g,Food & Beverage,NutHarvest,4,12.99,12.42,75,931.5,631.5,67.79,12.35,39,0,3,4,Easter,0.0571,-3.2
2026-04-10,D005,Trail Mix Premium 500g,Food & Beverage,NutHarvest,4,12.99,13.28,51,677.28,473.28,69.88,13.5,88,0,4,4,Easter,0.0643,-3.2
2026-04-11,D005,Trail Mix Premium 500g,Food & Beverage,NutHarvest,4,12.99,11.04,113,1247.52,795.52,63.77,12.79,5,1,5,4,Easter,0.0714,-3.2
2026-04-12,D005,Trail Mix Premium 500g,Food & Beverage,NutHarvest,4,12.99,10.77,113,1217.01,765.01,62.86,13.9,5,1,6,4,Easter,0.1,-3.2
2026-04-13,D005,Trail Mix Premium 500g,Food & Beverage,NutHarvest,4,12.99,11.1,107,1187.7,759.7,63.96,13.42,5,0,0,4,Easter,0.1,-3.2
2026-04-14,D005,Trail Mix Premium 500g,Food & Beverage,NutHarvest,4,12.99,11.04,84,927.36,591.36,63.77,12.26,18,0,1,4,Easter,0.1,-3.2
2026-04-15,D005,Trail Mix Premium 500g,Food & Beverage,NutHarvest,4,12.99,10.95,104,1138.8,722.8,63.47,13.7,5,0,2,4,Easter,0.1,-3.2
2026-04-16,D005,Trail Mix Premium 500g,Food & Beverage,NutHarvest,4,12.99,10.99,114,1252.86,796.86,63.6,13.32,5,0,3,4,Easter,0.1,-3.2
2026-04-17,D005,Trail Mix Premium 500g,Food & Beverage,NutHarvest,4,12.99,11.49,91,1045.59,681.59,65.19,11.37,6,0,4,4,Easter,0.1,-3.2
2026-04-18,D005,Trail Mix Premium 500g,Food & Beverage,NutHarvest,4,12.99,12.1,78,943.8,631.8,66.94,14.22,64,1,5,4,Easter,0.1,-3.2
2026-04-19,D005,Trail Mix Premium 500g,Food & Beverage,NutHarvest,4,12.99,11.34,105,1190.7,770.7,64.73,14.16,5,1,6,4,Easter,0.0714,-3.2
2026-04-20,D005,Trail Mix Premium 500g,Food & Beverage,NutHarvest,4,12.99,11.84,71,840.64,556.64,66.22,13.93,69,0,0,4,Easter,0.0643,-3.2
2026-04-21,D005,Trail Mix Premium 500g,Food & Beverage,NutHarvest,4,12.99,11.44,88,1006.72,654.72,65.03,14.84,31,0,1,4,Easter,0.0571,-3.2
2026-04-22,D005,Trail Mix Premium 500g,Food & Beverage,NutHarvest,4,12.99,11.97,72,861.84,573.84,66.58,13.89,46,0,2,4,Easter,0.05,-3.2
2026-04-23,D005,Trail Mix Premium 500g,Food & Beverage,NutHarvest,4,12.99,13.04,51,665.04,461.04,69.33,12.17,103,0,3,4,Easter,0.0429,-3.2
2026-04-24,D005,Trail Mix Premium 500g,Food & Beverage,NutHarvest,4,12.99,13.52,47,635.44,447.44,70.41,12.15,86,0,4,4,Easter,0.0357,-3.2
2026-04-25,D005,Trail Mix Premium 500g,Food & Beverage,NutHarvest,4,12.99,13.64,59,804.76,568.76,70.67,14.07,86,1,5,4,Easter,0.0286,-3.2
2026-04-26,D005,Trail Mix Premium 500g,Food & Beverage,NutHarvest,4,12.99,14.1,51,719.1,515.1,71.63,13.7,81,1,6,4,Easter,0.0214,-3.2
2026-04-27,D005,Trail Mix Premium 500g,Food & Beverage,NutHarvest,4,12.99,14.61,38,555.18,403.18,72.62,13.14,116,0,0,4,Easter,0.0143,-3.2
2026-04-28,D005,Trail Mix Premium 500g,Food & Beverage,NutHarvest,4,12.99,14.82,35,518.7,378.7,73.01,13.55,125,0,1,4,Easter,0.0071,-3.2
2026-04-29,D005,Trail Mix Premium 500g,Food & Beverage,NutHarvest,4,12.99,15.03,35,526.05,386.05,73.39,12.29,120,0,2,4,Mothers Day,0.0129,-3.2
2026-04-30,D005,Trail Mix Premium 500g,Food & Beverage,NutHarvest,4,12.99,15.44,33,509.52,377.52,74.09,11.44,152,0,3,4,Mothers Day,0.0257,-3.2
2026-05-01,D005,Trail Mix Premium 500g,Food & Beverage,NutHarvest,4,12.99,14.71,40,588.4,428.4,72.81,13.82,115,0,4,5,Mothers Day,0.0386,-3.2
2026-05-02,D005,Trail Mix Premium 500g,Food & Beverage,NutHarvest,4,12.99,15.37,38,584.06,432.06,73.98,14.79,109,1,5,5,Mothers Day,0.0514,-3.2
2026-05-03,D005,Trail Mix Premium 500g,Food & Beverage,NutHarvest,4,12.99,14.43,38,548.34,396.34,72.28,12.51,119,1,6,5,Mothers Day,0.0643,-3.2
2026-05-04,D005,Trail Mix Premium 500g,Food & Beverage,NutHarvest,4,12.99,14.49,41,594.09,430.09,72.39,12.74,106,0,0,5,Mothers Day,0.0771,-3.2
2026-05-05,D005,Trail Mix Premium 500g,Food & Beverage,NutHarvest,4,12.99,14.33,46,659.18,475.18,72.09,12.94,100,0,1,5,Mothers Day,0.09,-3.2
2026-05-06,D005,Trail Mix Premium 500g,Food & Beverage,NutHarvest,4,12.99,13.24,62,820.88,572.88,69.79,11.96,85,0,2,5,Mothers Day,0.1029,-3.2
2026-05-07,D005,Trail Mix Premium 500g,Food & Beverage,NutHarvest,4,12.99,13.1,58,759.8,527.8,69.47,11.98,101,0,3,5,Mothers Day,0.1157,-3.2
2026-05-08,D005,Trail Mix Premium 500g,Food & Beverage,NutHarvest,4,12.99,12.11,81,980.91,656.91,66.97,14.45,34,0,4,5,Mothers Day,0.1286,-3.2
